[debug] [2025-01-08T13:31:17.651Z] ----------------------------------------------------------------------
[debug] [2025-01-08T13:31:17.654Z] Command:       C:\Program Files\nodejs\node.exe C:\Users\asus\AppData\Roaming\npm\node_modules\firebase-tools\lib\bin\firebase.js init
[debug] [2025-01-08T13:31:17.654Z] CLI Version:   13.29.1
[debug] [2025-01-08T13:31:17.654Z] Platform:      win32
[debug] [2025-01-08T13:31:17.654Z] Node Version:  v22.12.0
[debug] [2025-01-08T13:31:17.654Z] Time:          Wed Jan 08 2025 19:01:17 GMT+0530 (India Standard Time)
[debug] [2025-01-08T13:31:17.655Z] ----------------------------------------------------------------------
[debug] 
[debug] [2025-01-08T13:31:17.658Z] >>> [apiv2][query] GET https://firebase-public.firebaseio.com/cli.json [none]
[debug] [2025-01-08T13:31:17.780Z] > command requires scopes: ["email","openid","https://www.googleapis.com/auth/cloudplatformprojects.readonly","https://www.googleapis.com/auth/firebase","https://www.googleapis.com/auth/cloud-platform"]
[debug] [2025-01-08T13:31:17.781Z] > authorizing via signed-in user (shivanit.mcs17.du@gmail.com)
[info] 
     ######## #### ########  ######## ########     ###     ######  ########
     ##        ##  ##     ## ##       ##     ##  ##   ##  ##       ##
     ######    ##  ########  ######   ########  #########  ######  ######
     ##        ##  ##    ##  ##       ##     ## ##     ##       ## ##
     ##       #### ##     ## ######## ########  ##     ##  ######  ########

You're about to initialize a Firebase project in this directory:

  D:\Projects\Netflix\netflixGPT\netflix-gpt

Before we get started, keep in mind:

  * You are initializing within an existing Firebase project directory

[debug] [2025-01-08T13:31:18.452Z] <<< [apiv2][status] GET https://firebase-public.firebaseio.com/cli.json 200
[debug] [2025-01-08T13:31:18.452Z] <<< [apiv2][body] GET https://firebase-public.firebaseio.com/cli.json {"cloudBuildErrorAfter":1594252800000,"cloudBuildWarnAfter":1590019200000,"defaultNode10After":1594252800000,"minVersion":"3.0.5","node8DeploysDisabledAfter":1613390400000,"node8RuntimeDisabledAfter":1615809600000,"node8WarnAfter":1600128000000}
